// Jest Snapshot v1, https://goo.gl/fbAQLP

exports[`Snippets GET /api/snippets should get all of the snippets 1`] = `
Array [
  Object {
    "author": "Dean",
    "code": "4 + 4",
    "description": "This is how you add",
    "favorites": 0,
    "id": 1,
    "language": "Algebra",
    "title": "Addition",
  },
  Object {
    "author": "Emily",
    "code": "console.log(\\"Hello world!\\");",
    "description": "My first program",
    "favorites": 0,
    "id": 2,
    "language": "javascript",
    "title": "Hello World",
  },
]
`;
